=== PM protected-path review of ead5b5af3b52e8aae3381102abadeef542cca8e1 (TASK-213, issue #123) ===

--- [1] Diff scope: one file, protected path authorized by 'protected-change' on #123
 .github/workflows/ci.yml | 7 ++++++-
 1 file changed, 6 insertions(+), 1 deletion(-)
diff --git a/.github/workflows/ci.yml b/.github/workflows/ci.yml
index 4a31fb4..81c81f6 100644
--- a/.github/workflows/ci.yml
+++ b/.github/workflows/ci.yml
@@ -62,7 +62,12 @@ jobs:
         with: { submodules: true }
       - uses: actions/setup-python@v5
         with: { python-version: '3.12' }
-      - run: pip install pyyaml
+      # jsonschema is needed by engine/tests/test_server_adapter.py, which
+      # validates verdict payloads against contracts/verdict.schema.json.
+      # `unittest discover` imports every test module before running any, so a
+      # missing dep here is a COLLECTION error that fails the whole job, not
+      # one test. Landed red in 69a1f6a; see TASK-213 / issue #123.
+      - run: pip install pyyaml jsonschema
       - name: build pinned Lua runtime
         run: engine/runtime/build.sh
       - name: run engine integration tests

--- [2] Defect reproduced: collection fails when jsonschema is absent (import blocked via stub)
    raise ImportError("No module named 'jsonschema'")
ImportError: No module named 'jsonschema'


----------------------------------------------------------------------
Ran 1 test in 0.000s

FAILED (errors=1)

--- [3] Collection succeeds with jsonschema present
Ran 0 tests in 0.000s

NO TESTS RAN

--- [4] Schema assertion intact in engine/tests/test_server_adapter.py (no gate weakening)
8:import jsonschema
88:            (ROOT / "contracts" / "verdict.schema.json").read_text()
107:            (ROOT / "contracts" / "verdict.schema.json").read_text()
129:                jsonschema.validate(card, schema)

--- [5] Local execution of the job's test step (submodule + pinned runtime built)
Ran 29 tests in 84.369s
OK
skips: 0
GAME_CLIPBOARD_RESULT:corrupted_hubris_circlet.txt:DOWNGRADE
GAME_CLIPBOARD_RESULT:rare_spirit_shield.txt:SIDEGRADE
GAME_CLIPBOARD_RESULT:unidentified_wand.txt:DOWNGRADE
test_contract_card_comes_from_real_warm_engine (test_server_adapter.RealServerAdapterTest.test_contract_card_comes_from_real_warm_engine) ... ok
test_evaluator_config_is_translated_before_worker_call (test_server_adapter.RealServerAdapterTest.test_evaluator_config_is_translated_before_worker_call) ... ok
test_game_clipboard_items_reach_real_worker (test_server_adapter.RealServerAdapterTest.test_game_clipboard_items_reach_real_worker) ... ok
test_scan_500_items_under_30_seconds (test_server_adapter.RealServerAdapterTest.test_scan_500_items_under_30_seconds) ... ok
test_tree_plans_match_two_corpus_goldens_and_restore_session (test_server_adapter.RealServerAdapterTest.test_tree_plans_match_two_corpus_goldens_and_restore_session) ... ok

--- [6] main CI run 30842024806 (push, branch=main, headSha=ead5b5a): all 14 jobs success
ead5b5af3b52e8aae3381102abadeef542cca8e1 main push success
  web-test: success
  windows-worker-pipes: success
  overlay-test: success
  packet-validation: success
  engine-integration: success
  lint: success
  test: success
  coverage-floor: success
  doctrine-invariants: success
  windows-runtime-build: success
  windows-package-cleanroom: success
  assumptions-fixtures: success
  contracts: success
  runtime-parity-cross-platform: success

--- [7] engine-integration job log excerpts
engine-integration	Run pip install pyyaml jsonschema	2026-08-03T18:36:48.6825926Z Successfully installed attrs-26.1.0 jsonschema-4.26.0 jsonschema-specifications-2025.9.1 pyyaml-6.0.3 referencing-0.37.0 rpds-py-2026.6.3 typing-extensions-4.16.0
engine-integration	run engine integration tests	2026-08-03T18:40:26.8314590Z Ran 29 tests in 194.377s
engine-integration	run engine integration tests	2026-08-03T18:40:26.8322024Z OK
engine-integration	run engine integration tests	2026-08-03T18:37:52.9592078Z test_contract_card_comes_from_real_warm_engine (test_server_adapter.RealServerAdapterTest.test_contract_card_comes_from_real_warm_engine) ... ok
engine-integration	run engine integration tests	2026-08-03T18:37:58.2173434Z test_evaluator_config_is_translated_before_worker_call (test_server_adapter.RealServerAdapterTest.test_evaluator_config_is_translated_before_worker_call) ... ok
engine-integration	run engine integration tests	2026-08-03T18:38:02.3324226Z test_game_clipboard_items_reach_real_worker (test_server_adapter.RealServerAdapterTest.test_game_clipboard_items_reach_real_worker) ... ok
engine-integration	run engine integration tests	2026-08-03T18:38:12.8006643Z test_scan_500_items_under_30_seconds (test_server_adapter.RealServerAdapterTest.test_scan_500_items_under_30_seconds) ... ok
engine-integration	run engine integration tests	2026-08-03T18:40:26.8205732Z test_tree_plans_match_two_corpus_goldens_and_restore_session (test_server_adapter.RealServerAdapterTest.test_tree_plans_match_two_corpus_goldens_and_restore_session) ... ok

--- [8] Independent audit: no other job has the same dependency drift
windows-runtime-build installs pyyaml only and runs 'python -m engine.runtime_parity':
  imports cleanly without jsonschema: OK
